remote: error: GH013: Repository rule violations found for refs/heads/main.        
remote: 
remote: - GITHUB PUSH PROTECTION        
remote:   —————————————————————————————————————————        
remote:     Resolve the following violations before pushing again        
remote: 
remote:     - Push cannot contain secrets        
remote: 
remote:             
remote:      (?) Learn how to resolve a blocked push        
remote:      https://docs.github.com/code-security/secret-scanning/working-with-secret-scanning-and-push-protection/working-with-push-protection-from-the-command-line#resolving-a-blocked-push        
remote:             
remote:             
remote:       —— Vercel Personal Access Token ——————————————————————        
remote:        locations:        
remote:          - commit: 06cb8e97699db254de05b8e80c228d14fe08f17e        
remote:            path: .env.production.check:38        
remote:             
remote:        (?) To push, remove secret from commit(s) or follow this URL to allow the secret.        
remote:        https://github.com/Draven9/fluxleads/security/secret-scanning/unblock-secret/3AjCNc02RJhKeucGsjZ2Ue6Cmt4        
remote:             
remote: 
remote: 
To https://github.com/Draven9/fluxleads/
 ! [remote rejected] main -> main (push declined due to repository rule violations)
error: failed to push some refs to 'https://github.com/Draven9/fluxleads/'
